<html>
<body>
<pre>
<h1>µVision Build Log</h1>
<h2>Tool Versions:</h2>
IDE-Version: ¦ÌVision V5.15
Copyright (C) 2015 ARM Ltd and ARM Germany GmbH. All rights reserved.
License Information: 1 1, 1, LIC=7YKZ9-4SCJW-TL8CD-8VMGC-N30TE-H1MH0
 
Tool Versions:
Toolchain:       MDK-ARM Professional  Version: 5.15.0
Toolchain Path:  F:\Keil_v5\ARM\ARMCC\Bin
C Compiler:      Armcc.exe V5.05 update 2 (build 169)
Assembler:       Armasm.exe V5.05 update 2 (build 169)
Linker/Locator:  ArmLink.exe V5.05 update 2 (build 169)
Library Manager: ArmAr.exe V5.05 update 2 (build 169)
Hex Converter:   FromElf.exe V5.05 update 2 (build 169)
CPU DLL:         SARMCM3.DLL V5.15.0
Dialog DLL:      DCM.DLL V1.13.2.0
Target DLL:      Segger\JL2CM3.dll V2.99.15.0
Dialog DLL:      TCM.DLL V1.14.5.0
 
<h2>Project:</h2>
D:\Learning\Stm32F4XXProject\Stm32F4XXProject\MyProject\LibraryVersion\FWLIB-TEMPLATE\Project\RVMDK(uv5)\Stm32F407.uvprojx
Project File Date:  04/23/2018

<h2>Output:</h2>
*** Using Compiler 'V5.05 update 2 (build 169)', folder: 'F:\Keil_v5\ARM\ARMCC\Bin'
Build target 'FireLibraryProTemplate'
compiling main.c...
compiling stm32f4xx_it.c...
compiling bsp_led.c...
compiling common.c...
compiling bsp_systick.c...
linking...
Program Size: Code=1308 RO-data=424 RW-data=4 ZI-data=1636  
".\Objects\Stm32F407.axf" - 0 Error(s), 0 Warning(s).

<h2>Collection of Component include folders:</h2>
  D:\Learning\Stm32F4XXProject\Stm32F4XXProject\MyProject\LibraryVersion\FWLIB-TEMPLATE\Project\RVMDK(uv5)\RTE
  F:\Keil_v5\ARM\PACK\Keil\STM32F4xx_DFP\2.5.0\Drivers\CMSIS\Device\ST\STM32F4xx\Include

<h2>Collection of Component Files used:</h2>
</pre>
</body>
</html>
