<html>
<body>
<pre>
<h1>µVision Build Log</h1>
<h2>Tool Versions:</h2>
IDE-Version: ¦ÌVision V5.15
Copyright (C) 2015 ARM Ltd and ARM Germany GmbH. All rights reserved.
License Information: 1 1, 1, LIC=7YKZ9-4SCJW-TL8CD-8VMGC-N30TE-H1MH0
 
Tool Versions:
Toolchain:       MDK-ARM Professional  Version: 5.15.0
Toolchain Path:  F:\Keil_v5\ARM\ARMCC\Bin
C Compiler:      Armcc.exe V5.05 update 2 (build 169)
Assembler:       Armasm.exe V5.05 update 2 (build 169)
Linker/Locator:  ArmLink.exe V5.05 update 2 (build 169)
Library Manager: ArmAr.exe V5.05 update 2 (build 169)
Hex Converter:   FromElf.exe V5.05 update 2 (build 169)
CPU DLL:         SARMCM3.DLL V5.15.0
Dialog DLL:      DCM.DLL V1.13.2.0
Target DLL:      Segger\JL2CM3.dll V2.99.15.0
Dialog DLL:      TCM.DLL V1.14.5.0
 
<h2>Project:</h2>
D:\Ñ§Ï°\MyProject\LibraryVersion\FWLIB-TEMPLATE\Project\RVMDK(uv5)\Stm32F407.uvprojx
Project File Date:  04/03/2018

<h2>Output:</h2>
*** Using Compiler 'V5.05 update 2 (build 169)', folder: 'F:\Keil_v5\ARM\ARMCC\Bin'
Build target 'FireLibraryProTemplate'
compiling main.c...
..\..\User\LED\bsp_led.h(7): warning:  #1295-D: Deprecated declaration LED_GPIO_Config - give arg types
  void LED_GPIO_Config();
..\..\User\Key\bsp_key.h(10): warning:  #1295-D: Deprecated declaration KEY_GPIO_Config - give arg types
  void KEY_GPIO_Config();
..\..\User\Key\bsp_key.h(12): warning:  #1-D: last line of file ends without a newline
  #endif   //_BSP_KEY_H
..\..\User\main.c: 3 warnings, 0 errors
linking...
Program Size: Code=1184 RO-data=408 RW-data=0 ZI-data=1632  
".\Objects\Stm32F407.axf" - 0 Error(s), 3 Warning(s).

<h2>Collection of Component include folders:</h2>
  D:\Ñ§Ï°\MyProject\LibraryVersion\FWLIB-TEMPLATE\Project\RVMDK(uv5)\RTE
  F:\Keil_v5\ARM\PACK\Keil\STM32F4xx_DFP\2.5.0\Drivers\CMSIS\Device\ST\STM32F4xx\Include

<h2>Collection of Component Files used:</h2>
</pre>
</body>
</html>
